== ref mas-manalt
  mas-manalt      ref-a-michael-close    r1         1.75s F0 115.5 rng 11.3 wpm 148 cer 0.00 | The hearts were sincere.
  mas-manalt      ref-a-michael-close    r2         1.30s F0 112.9 rng 11.2 wpm 162 cer 0.00 | Leave it open.
  mas-manalt      ref-a-michael-close    r3         1.20s F0 102.6 rng 9.9 wpm None cer 0.00 | Good question.
== ref alyi
  alyi            ref-a-onyx-cathedral   r1         3.19s F0 84.8 rng 12.9 wpm 106 cer 0.00 | The company will tell us.
  alyi            ref-a-onyx-cathedral   r2         3.70s F0 83.4 rng 12.7 wpm 108 cer 0.00 | That is the company telling us.
== ref rima-tamuri
  rima-tamuri     ref-a-heart-composed   r1         1.26s F0 225.1 rng 28.7 wpm 205 cer 0.00 | I'll hold it together.
  rima-tamuri     ref-a-heart-composed   r2         1.18s F0 220.6 rng 8.4 wpm 220 cer 0.00 | We'll share more soon.
== ref gerg-mockbran
  gerg-mockbran   ref-a-puck-quick       r1         1.84s F0 140.6 rng 7.1 wpm 199 cer 0.12 | company again, just in case.
  gerg-mockbran   ref-a-puck-quick       r2         0.77s F0 134.3 rng 12.2 wpm 250 cer 0.00 | What's in there?
== ref mario
  mario           ref-a-liam-earnest     r1         1.86s F0 142.7 rng 17.7 wpm 173 cer 0.08 | I've written up some thoughts as
  mario           ref-a-liam-earnest     r2         2.77s F0 118.6 rng 16.4 wpm 158 cer 0.00 | Hi, yes, we're very worried. How much?
== role neleh ['a4-25-01', 'a4-27-03', 'a4-27-08', 'a4-27-10', 'a4-27-12', 'a4-27-21']
  neleh           a-kore-precise         a4-25-01   0.84s F0 191.5 rng 12.8 wpm None cer 0.00 | Step 4.
  neleh           a-kore-precise         a4-27-03   0.93s F0 201.7 rng 12.1 wpm 212 cer 0.00 | For how long?
  neleh           a-kore-precise         a4-27-08   2.41s F0 166.7 rng 17.7 wpm 154 cer 0.00 | The bylaws allow it. Footnote 3.
  neleh           a-kore-precise         a4-27-10   0.58s F0 193.7 rng 3.0 wpm None cer 0.00 | When
  neleh           a-kore-precise         a4-27-12   1.64s F0 169.7 rng 13.9 wpm 194 cer 0.00 | The company is calling us.
  neleh           a-kore-precise         a4-27-21   0.86s F0 191.5 rng 13.1 wpm None cer 0.00 | Step 4
  neleh           b-sarah-precise        a4-25-01   0.90s F0 182.9 rng 12.3 wpm None cer 0.00 | Step 4.
  neleh           b-sarah-precise        a4-27-03   0.97s F0 198.9 rng 12.2 wpm 212 cer 0.00 | For how long?
  neleh           b-sarah-precise        a4-27-08   2.42s F0 187.1 rng 13.3 wpm 155 cer 0.00 | The bylaws allow it. Footnote 3.
  neleh           b-sarah-precise        a4-27-10   0.65s F0 210.1 rng 8.2 wpm None cer 0.00 | When?
  neleh           b-sarah-precise        a4-27-12   1.72s F0 189.3 rng 13.5 wpm 186 cer 0.00 | The company is calling us.
  neleh           b-sarah-precise        a4-27-21   0.90s F0 188.8 rng 13.0 wpm None cer 0.00 | Step 4.
  neleh           c-aoede-precise        a4-25-01   0.83s F0 201.2 rng 10.0 wpm None cer 0.00 | Step 4.
  neleh           c-aoede-precise        a4-27-03   0.90s F0 206.5 rng 8.1 wpm 225 cer 0.00 | For how long?
  neleh           c-aoede-precise        a4-27-08   2.35s F0 179.7 rng 9.4 wpm 160 cer 0.00 | The bylaws allow it. Footnote three.
  neleh           c-aoede-precise        a4-27-10   0.61s F0 221.3 rng 3.6 wpm None cer 0.00 | When
  neleh           c-aoede-precise        a4-27-12   1.68s F0 191.5 rng 9.2 wpm 190 cer 0.00 | The company is calling us.
  neleh           c-aoede-precise        a4-27-21   0.84s F0 197.7 rng 9.3 wpm None cer 0.00 | Step 4.
== role mada ['a4-25-02', 'x-seed2']
  mada            a-echo-grey            a4-25-02   1.36s F0 115.5 rng 16.2 wpm None cer 0.00 | Good question.
  mada            a-echo-grey            x-seed2    1.36s F0 115.5 rng 16.2 wpm None cer 0.00 | Good question.
  mada            b-adam-grey            a4-25-02   1.04s F0 113.2 rng 8.7 wpm None cer 0.00 | Good question.
  mada            b-adam-grey            x-seed2    1.04s F0 113.2 rng 8.7 wpm None cer 0.00 | Good question.
  mada            c-echo-eric-grey       a4-25-02   1.22s F0 119.3 rng 22.0 wpm None cer 0.00 | Good question.
  mada            c-echo-eric-grey       x-seed2    1.22s F0 119.3 rng 22.0 wpm None cer 0.00 | Good question.
== role terb ['a4-30-05', 'a4-30-06', 'a4-30-07']
  terb            a-fenrir-brisk         a4-30-05   1.35s F0 155.1 rng 9.8 wpm 240 cer 0.00 | Which room is on fire?
  terb            a-fenrir-brisk         a4-30-06   0.50s F0 143.5 rng 2.9 wpm None cer 1.50 | Bye.
  terb            a-fenrir-brisk         a4-30-07   0.61s F0 152.0 rng 5.8 wpm None cer 0.00 | terms.
  terb            b-echo-brisk           a4-30-05   1.73s F0 102.3 rng 15.1 wpm 183 cer 0.00 | Which room is on fire?
  terb            b-echo-brisk           a4-30-06   0.70s F0 113.6 rng 13.2 wpm None cer 0.50 | Ahh
  terb            b-echo-brisk           a4-30-07   0.80s F0 159.2 rng 19.3 wpm None cer 0.40 | terms of
  terb            c-fenrir-onyx-brisk    a4-30-05   1.60s F0 114.5 rng 13.6 wpm 199 cer 0.00 | Which room is on fire?
  terb            c-fenrir-onyx-brisk    a4-30-06   0.54s F0 131.6 rng 2.7 wpm None cer 1.00 | Uhh
  terb            c-fenrir-onyx-brisk    a4-30-07   0.69s F0 143.9 rng 9.6 wpm None cer 0.40 | terms of
== role tasya ['a4-27-20', 'a4-29-07', 'a4-30-02', 'a4-30-04']
  tasya           a-fenrir-eric-warm     a4-27-20   2.75s F0 150.3 rng 15.6 wpm 138 cer 0.00 | A new advanced AI research team.
  tasya           a-fenrir-eric-warm     a4-29-07   1.34s F0 150.3 rng 15.1 wpm 144 cer 0.00 | Everyone is welcome.
  tasya           a-fenrir-eric-warm     a4-30-02   3.40s F0 137.0 rng 16.0 wpm 148 cer 0.00 | We are below them, above them, around them.
  tasya           a-fenrir-eric-warm     a4-30-04   0.74s F0 180.3 rng 11.1 wpm None cer 0.00 | Hello.
  tasya           b-eric-warm            a4-27-20   3.03s F0 149.4 rng 15.0 wpm 125 cer 0.00 | A New Advanced AI Research Team
  tasya           b-eric-warm            a4-29-07   1.50s F0 152.5 rng 15.1 wpm 132 cer 0.00 | Everyone is welcome.
  tasya           b-eric-warm            a4-30-02   3.66s F0 138.6 rng 15.3 wpm 138 cer 0.00 | We are below them, above them, around them.
  tasya           b-eric-warm            a4-30-04   0.80s F0 132.7 rng 9.7 wpm None cer 0.00 | Hello!
  tasya           c-santa-fenrir-warm    a4-27-20   2.81s F0 153.8 rng 17.2 wpm 133 cer 0.00 | a new advanced AI research team.
  tasya           c-santa-fenrir-warm    a4-29-07   1.31s F0 187.1 rng 19.7 wpm 148 cer 0.00 | Everyone is welcome.
  tasya           c-santa-fenrir-warm    a4-30-02   3.74s F0 139.4 rng 18.8 wpm 133 cer 0.00 | We are below them, above them, around them.
  tasya           c-santa-fenrir-warm    a4-30-04   0.70s F0 237.2 rng 2.5 wpm None cer 0.00 | Hello!
== role ttemme ['a4-27-18', 'a4-27-19']
  ttemme          a-eric-headset         a4-27-18   1.82s F0 143.5 rng 14.8 wpm 173 cer 0.00 | Chat, I'm the CEO now.
  ttemme          a-eric-headset         a4-27-19   1.86s F0 144.3 rng 14.4 wpm 136 cer 0.07 | Chad, for how long?
  ttemme          b-santa-headset        a4-27-18   2.03s F0 226.0 rng 30.3 wpm 155 cer 0.00 | Chat! I'm the CEO now!
  ttemme          b-santa-headset        a4-27-19   1.97s F0 55.0 rng 0.0 wpm 128 cer 0.00 | Chat! For how long?
  ttemme          c-echo-eric-headset    a4-27-18   1.90s F0 136.2 rng 16.8 wpm 166 cer 0.00 | Chat, I'm the CEO now.
  ttemme          c-echo-eric-headset    a4-27-19   1.96s F0 134.6 rng 16.3 wpm 128 cer 0.00 | Chat for how long.
== role adelina ['a4-27-15', 'x-ep4']
  adelina         a-bella-warm           a4-27-15   1.86s F0 200.6 rng 6.6 wpm 136 cer 0.00 | In plain English, no.
  adelina         a-bella-warm           x-ep4      4.30s F0 186.1 rng 6.7 wpm 157 cer 0.00 | in plain English. We raised money to warn about raising money.
  adelina         b-aoede-warm           a4-27-15   1.65s F0 213.1 rng 8.8 wpm 154 cer 0.00 | In plain English, no.
  adelina         b-aoede-warm           x-ep4      4.12s F0 182.3 rng 9.1 wpm 165 cer 0.00 | In plain English, we raised money to warn about raising money.
  adelina         c-nova-warm            a4-27-15   2.17s F0 183.9 rng 11.4 wpm 112 cer 0.00 | In plain English, no.
  adelina         c-nova-warm            x-ep4      4.18s F0 173.6 rng 9.0 wpm 163 cer 0.00 | In plain English, we raised money to warn about raising money.
== role tiled-employee ['a4-27-05', 'x-2']
  tiled-employee  a-nova-plain           a4-27-05   1.54s F0 189.3 rng 10.4 wpm 182 cer 0.00 | Is this a coup?
  tiled-employee  a-nova-plain           x-2        2.41s F0 159.7 rng 10.7 wpm 226 cer 0.00 | Is this a coup, or is this a reorg?
  tiled-employee  b-alloy-plain          a4-27-05   1.68s F0 162.9 rng 13.7 wpm 166 cer 0.18 | Is this a cool?
  tiled-employee  b-alloy-plain          x-2        2.80s F0 155.6 rng 15.0 wpm 200 cer 0.00 | Is this a coup or is this a reorg?
  tiled-employee  c-river-plain          a4-27-05   1.33s F0 189.9 rng 6.4 wpm 196 cer 0.00 | Is this a coup?
  tiled-employee  c-river-plain          x-2        2.29s F0 180.8 rng 8.0 wpm 245 cer 0.00 | Is this a coup or is this a reorg?
wrote auditions.json
