== a4-27-05 TILED EMPLOYEE Is this a coup? (target 0.90 s)
   probe: 1.050 -> span 1.130 s; aim 0.900 s -> speed 1.312
  a4-27-05   t01 sp 1.312 x1.00 span 0.92 (T 0.90, aim 0.90) wpm 261 F0 145.6 rng 7.9 fin -1.9 gap 0.02 cer 0.00 lp -0.48 score   2.81 | Is this a coup?
  a4-27-05   t02 sp 1.312 x1.09 span 0.90 (T 0.90, aim 0.90) wpm 267 F0 164.3 rng 8.5 fin -5.0 gap 0.01 cer 0.00 lp -0.53 score   6.01 | Is this a coup?
  a4-27-05   t03 sp 1.196 x1.00 span 0.81 (T 0.90, aim 0.90) wpm 296 F0 137.4 rng 7.5 fin -0.2 gap 0.01 cer 0.00 lp -0.43 score   1.61 | Is this a coup?
  a4-27-05   t04 sp 1.312 x1.03 span 0.94 (T 0.90, aim 0.90) wpm 255 F0 162.9 rng 9.7 fin -8.5 gap 0.02 cer 0.00 lp -0.52 score   8.48 | Is this a coup?
  a4-27-05   t05 sp 1.312 x1.07 span 0.83 (T 0.90, aim 0.90) wpm 289 F0 153.8 rng 8.3 fin -4.6 gap 0.02 cer 0.00 lp -0.43 score   5.59 | Is this a coup?
  a4-27-05   t06 sp 1.312 x1.06 span 0.90 (T 0.90, aim 0.90) wpm 267 F0 152.9 rng 8.4 fin -4.9 gap 0.02 cer 0.00 lp -0.47 score   5.57 | Is this a coup?
  a4-27-05   t07 sp 1.312 x1.09 span 0.86 (T 0.90, aim 0.90) wpm 279 F0 163.9 rng 9.3 fin -7.4 gap 0.03 cer 0.00 lp -0.43 score   7.91 | Is this a coup?
  a4-27-05   t08 sp 1.312 x1.00 span 0.97 (T 0.90, aim 0.90) wpm 247 F0 159.7 rng 7.8 fin -7.7 gap 0.03 cer 0.00 lp -0.44 score   7.56 | Is this a coup?
   -> t03 (46 s)
== a4-27-19 TTEMME Chat… for how long? (target 1.30 s)
   probe: 1.080 -> span 1.250 s; aim 1.300 s -> speed 1.027
  a4-27-19   t01 sp 1.027 x1.00 span 1.26 (T 1.30, aim 1.30) wpm 190 F0 168.7 rng 14.1 fin -5.2 gap 0.25 cer 0.00 lp -0.36 score  12.67 | Chat for how long.
  a4-27-19   t02 sp 1.027 x1.00 span 1.26 (T 1.30, aim 1.30) wpm 190 F0 111.6 rng 8.9 fin -2.8 gap 0.24 cer 0.00 lp -0.41 score   5.76 | Chat for how long.
  a4-27-19   t03 sp 0.932 x1.00 span 1.30 (T 1.30, aim 1.30) wpm 185 F0 157.4 rng 14.3 fin -4.8 gap 0.20 cer 0.00 lp -0.34 score   9.25 | Chat for how long.
  a4-27-19   t04 sp 1.027 x1.00 span 1.31 (T 1.30, aim 1.30) wpm 183 F0 108.7 rng 9.8 fin -0.8 gap 0.26 cer 0.00 lp -0.46 score   4.86 | Chat for how long.
  a4-27-19   t05 sp 1.109 x1.00 span 1.25 (T 1.30, aim 1.30) wpm 192 F0 115.2 rng 12.1 fin 0.9 gap 0.26 cer 0.00 lp -0.45 score   2.06 | Chat for how long.
  a4-27-19   t06 sp 1.109 x1.00 span 1.19 (T 1.30, aim 1.30) wpm 202 F0 110.6 rng 9.8 fin -4.2 gap 0.25 cer 0.00 lp -0.49 score   7.40 | Chat for how long.
  a4-27-19   t07 sp 1.027 x1.00 span 1.26 (T 1.30, aim 1.30) wpm 190 F0 123.5 rng 10.0 fin 1.0 gap 0.22 cer 0.00 lp -0.34 score   0.31 | Chat for how long.
  a4-27-19   t08 sp 1.027 x1.00 span 1.27 (T 1.30, aim 1.30) wpm 189 F0 115.5 rng 10.8 fin -2.1 gap 0.25 cer 0.00 lp -0.40 score   4.27 | Chat for how long.
   -> t07 (42 s)
== a4-30-12 MAS MANALT okay. (target 0.60 s)
   probe: 0.970 -> span 0.650 s; aim 0.600 s -> speed 1.051
  a4-30-12   t01 sp 0.946 x1.00 span 0.62 (T 0.60, aim 0.60) wpm 97 F0 99.9 rng 8.6 fin 2.6 gap 0.00 cer 0.00 lp -0.66 score   4.56 | Okay.
  a4-30-12   t02 sp 1.051 x1.00 span 0.62 (T 0.60, aim 0.60) wpm 97 F0 115.2 rng 10.1 fin 1.7 gap 0.04 cer 0.00 lp -0.73 score   3.32 | Okay.
  a4-30-12   t03 sp 0.911 x1.00 span 0.63 (T 0.60, aim 0.60) wpm 95 F0 102.0 rng 7.9 fin 2.6 gap 0.00 cer 0.00 lp -0.79 score   4.26 | Okay.
  a4-30-12   t04 sp 1.173 x1.00 span 0.64 (T 0.60, aim 0.60) wpm 94 F0 110.6 rng 8.9 fin 2.3 gap 0.01 cer 0.00 lp -0.47 score   2.85 | Okay
  a4-30-12   t05 sp 0.981 x1.00 span 0.61 (T 0.60, aim 0.60) wpm 98 F0 107.5 rng 8.7 fin 3.3 gap 0.01 cer 0.50 lp -0.61 score   9.71 | OK
  a4-30-12   t06 sp 0.998 x1.00 span 0.61 (T 0.60, aim 0.60) wpm 98 F0 101.5 rng 7.0 fin 3.4 gap 0.01 cer 0.00 lp -0.71 score   4.82 | Okay.
  a4-30-12   t07 sp 0.981 x1.00 span 0.63 (T 0.60, aim 0.60) wpm 95 F0 106.7 rng 10.6 fin 5.4 gap 0.03 cer 0.00 lp -0.75 score   6.66 | Okay.
  a4-30-12   t08 sp 1.051 x1.00 span 0.58 (T 0.60, aim 0.60) wpm 103 F0 98.6 rng 7.5 fin 4.3 gap 0.00 cer 0.00 lp -0.64 score   6.24 | Okay.
  a4-30-12   t09 sp 0.911 x1.00 span 0.64 (T 0.60, aim 0.60) wpm 94 F0 104.0 rng 5.0 fin 2.9 gap 0.05 cer 0.00 lp -0.64 score   3.83 | Okay.
  a4-30-12   t10 sp 0.998 x1.00 span 0.63 (T 0.60, aim 0.60) wpm 95 F0 107.0 rng 7.8 fin 3.2 gap 0.03 cer 0.00 lp -0.57 score   3.67 | Okay
  a4-30-12   t11 sp 0.977 x1.00 span 0.62 (T 0.60, aim 0.60) wpm 97 F0 99.9 rng 6.2 fin 2.4 gap 0.01 cer 0.00 lp -0.65 score   4.39 | Okay.
   -> t04 (66 s)
== a4-31-01 GERG MOCKBRAN What's in there? (target 0.70 s)
   probe: 1.200 -> span 0.600 s; aim 0.700 s -> speed 1.029
  a4-31-01   t01 sp 1.029 x1.00 span 0.69 (T 0.70, aim 0.70) wpm 261 F0 144.3 rng 6.0 fin -4.8 gap 0.00 cer 0.00 lp -0.27 score   0.14 | What's in there?
  a4-31-01   t02 sp 1.029 x1.00 span 0.73 (T 0.70, aim 0.70) wpm 247 F0 140.2 rng 8.9 fin 5.8 gap 0.00 cer 0.25 lp -0.37 score   5.38 | Hey, what's in there?
  a4-31-01   t03 sp 1.020 x1.00 span 0.70 (T 0.70, aim 0.70) wpm 257 F0 146.8 rng 5.6 fin -3.7 gap 0.00 cer 0.00 lp -0.24 score   3.66 | What's in there?
  a4-31-01   t04 sp 1.176 x1.00 span 0.72 (T 0.70, aim 0.70) wpm 250 F0 145.2 rng 5.0 fin -5.0 gap 0.00 cer 0.17 lp -0.40 score   5.99 | Oh, what's in there?
   -> t01 (24 s)
== a4-26a-vo1 MAS MANALT i don't keep score. (target 1.50 s)
   V.O. ref: on-camera read at 0.875 -> 1.360 s; aim 1.741 s (slot 2.5)
   probe: 0.870 -> span 1.360 s; aim 1.741 s -> speed 0.680
  a4-26a-vo1 t01 sp 0.757 x1.00 span 1.71 (T 1.50, aim 1.74) wpm 140 F0 126.4 rng 10.2 fin -6.0 gap 0.02 cer 0.00 lp -0.30 score   3.34 | I don't keep score.
  a4-26a-vo1 t02 sp 0.680 x1.00 span 1.67 (T 1.50, aim 1.74) wpm 144 F0 117.2 rng 8.1 fin 1.4 gap 0.03 cer 0.00 lp -0.29 score   2.80 | I don't keep score.
  a4-26a-vo1 t03 sp 0.680 x1.00 span 1.71 (T 1.50, aim 1.74) wpm 140 F0 120.7 rng 10.3 fin 1.1 gap 0.03 cer 0.00 lp -0.31 score   4.11 | I don't keep score.
  a4-26a-vo1 t04 sp 0.660 x1.00 span 1.72 (T 1.50, aim 1.74) wpm 140 F0 122.1 rng 9.4 fin -0.8 gap 0.04 cer 0.00 lp -0.32 score   2.18 | I don't keep score.
  a4-26a-vo1 t05 sp 0.680 x1.00 span 1.68 (T 1.50, aim 1.74) wpm 143 F0 132.3 rng 7.7 fin 4.4 gap 0.04 cer 0.00 lp -0.31 score   6.58 | I don't keep score.
  a4-26a-vo1 t06 sp 0.732 x1.00 span 1.78 (T 1.50, aim 1.74) wpm 135 F0 127.8 rng 9.5 fin -4.5 gap 0.02 cer 0.00 lp -0.28 score   2.80 | I don't keep score.
   -> t04 (39 s)
== fallback a4-26a-vo1-fallback i don't keep things.
   probe: 0.870 -> span 1.390 s; aim 1.754 s -> speed 0.690
  a4-26a-vo1-fallback t01 sp 0.755 x1.00 span 1.73 (T 1.50, aim 1.75) wpm 139 F0 126.7 rng 10.3 fin -2.9 gap 0.02 cer 0.00 lp -0.24 score   3.07 | I don't keep things.
  a4-26a-vo1-fallback t02 sp 0.660 x1.00 span 1.73 (T 1.50, aim 1.75) wpm 139 F0 117.9 rng 7.6 fin 1.3 gap 0.02 cer 0.00 lp -0.24 score   2.45 | I don't keep things.
  a4-26a-vo1-fallback t03 sp 0.690 x1.00 span 1.68 (T 1.50, aim 1.75) wpm 143 F0 118.9 rng 8.8 fin -1.1 gap 0.04 cer 0.00 lp -0.24 score   1.73 | I don't keep things.
  a4-26a-vo1-fallback t04 sp 0.660 x1.00 span 1.64 (T 1.50, aim 1.75) wpm 146 F0 122.8 rng 9.1 fin -0.5 gap 0.04 cer 0.00 lp -0.26 score   2.04 | I don't keep things.
  a4-26a-vo1-fallback t05 sp 0.660 x1.00 span 1.82 (T 1.50, aim 1.75) wpm 132 F0 133.5 rng 7.8 fin 4.4 gap 0.05 cer 0.00 lp -0.33 score   6.93 | I don't keep things.
  a4-26a-vo1-fallback t06 sp 0.707 x1.00 span 1.84 (T 1.50, aim 1.75) wpm 130 F0 122.8 rng 9.1 fin -3.3 gap 0.02 cer 0.00 lp -0.24 score   2.10 | I don't keep things.
   -> t03 (37 s)
== a4-29-vo2 MAS MANALT the badge was a joke. (target 1.60 s)
   V.O. ref: on-camera read at 0.875 -> 1.480 s; aim 1.800 s (slot 1.875)
   probe: 0.870 -> span 1.480 s; aim 1.800 s -> speed 0.715
  a4-29-vo2  t01 sp 0.715 x1.00 span 1.88 (T 1.60, aim 1.80) wpm 160 F0 113.2 rng 9.5 fin -2.4 gap 0.10 cer 0.00 lp -0.36 score   3.47 | The badge was a joke.
  a4-29-vo2  t02 sp 0.715 x1.00 span 1.73 (T 1.60, aim 1.80) wpm 173 F0 106.9 rng 8.9 fin -1.8 gap 0.10 cer 0.00 lp -0.31 score   1.90 | The badge was a joke.
  a4-29-vo2  t03 sp 0.715 x1.00 span 1.81 (T 1.60, aim 1.80) wpm 166 F0 106.9 rng 9.1 fin -2.3 gap 0.10 cer 0.00 lp -0.30 score   1.93 | The badge was a joke.
  a4-29-vo2  t04 sp 0.680 x1.00 span 1.78 (T 1.60, aim 1.80) wpm 169 F0 110.0 rng 9.7 fin -0.2 gap 0.10 cer 0.00 lp -0.32 score   2.64 | The badge was a joke.
  a4-29-vo2  t05 sp 0.660 x1.00 span 1.73 (T 1.60, aim 1.80) wpm 173 F0 114.5 rng 9.3 fin 0.9 gap 0.08 cer 0.00 lp -0.36 score   3.38 | The badge was a joke.
  a4-29-vo2  t06 sp 0.736 x1.00 span 1.79 (T 1.60, aim 1.80) wpm 168 F0 111.9 rng 10.4 fin -1.0 gap 0.09 cer 0.00 lp -0.32 score   2.89 | The badge was a joke.
   -> t02 (32 s)
== a4-29-vo3 MAS MANALT gerg never waits to be asked. (target 2.00 s)
   V.O. ref: on-camera read at 0.875 -> 1.870 s; aim 2.394 s (slot 2.5)
   probe: 0.870 -> span 1.860 s; aim 2.394 s -> speed 0.676
  a4-29-vo3  t01 sp 0.757 x1.00 span 2.46 (T 2.00, aim 2.39) wpm 146 F0 113.9 rng 9.4 fin -2.2 gap 0.05 cer 0.00 lp -0.38 score   2.32 | Gerg never waits to be asked.
  a4-29-vo3  t02 sp 0.676 x1.00 span 2.45 (T 2.00, aim 2.39) wpm 147 F0 111.3 rng 9.1 fin -4.0 gap 0.06 cer 0.00 lp -0.37 score   2.08 | Gerg never waits to be asked.
  a4-29-vo3  t03 sp 0.748 x1.00 span 2.49 (T 2.00, aim 2.39) wpm 145 F0 112.6 rng 10.1 fin -3.3 gap 0.06 cer 0.00 lp -0.39 score   3.54 | Gerg never waits to be asked.
  a4-29-vo3  t04 sp 0.660 x1.00 span 2.35 (T 2.00, aim 2.39) wpm 153 F0 115.2 rng 8.5 fin -3.8 gap 0.05 cer 0.00 lp -0.36 score   1.62 | Gerg never waits to be asked.
  a4-29-vo3  t05 sp 0.676 x1.00 span 2.45 (T 2.00, aim 2.39) wpm 147 F0 120.7 rng 8.8 fin -2.9 gap 0.05 cer 0.00 lp -0.39 score   1.89 | Gerg never waits to be asked.
  a4-29-vo3  t06 sp 0.752 x1.00 span 2.46 (T 2.00, aim 2.39) wpm 146 F0 114.5 rng 9.3 fin -2.2 gap 0.05 cer 0.00 lp -0.37 score   2.23 | Gerg never waits to be asked.
   -> t04 (38 s)
== a4-29-03 MAS MANALT mostly. (target 0.65 s)
   probe: 0.970 -> span 0.730 s; aim 0.650 s -> speed 1.089
  a4-29-03   t01 sp 1.156 x1.00 span 0.66 (T 0.65, aim 0.65) wpm 91 F0 109.4 rng 6.0 fin 3.2 gap 0.00 cer 0.00 lp -0.72 score   4.38 | mostly.
  a4-29-03   t02 sp 0.989 x1.00 span 0.62 (T 0.65, aim 0.65) wpm 97 F0 108.1 rng 6.4 fin 3.0 gap 0.00 cer 0.00 lp -0.72 score   3.90 | Mostly
  a4-29-03   t03 sp 0.908 x1.00 span 0.68 (T 0.65, aim 0.65) wpm 88 F0 111.3 rng 6.2 fin 2.1 gap 0.00 cer 0.00 lp -0.68 score   4.24 | Mostly.
  a4-29-03   t04 sp 1.089 x1.00 span 0.65 (T 0.65, aim 0.65) wpm 92 F0 111.0 rng 7.8 fin 0.8 gap 0.00 cer 0.00 lp -0.48 score   2.12 | Mostly
  a4-29-03   t05 sp 1.089 x1.00 span 0.64 (T 0.65, aim 0.65) wpm 94 F0 120.0 rng 9.9 fin 1.5 gap 0.00 cer 0.00 lp -0.52 score   4.67 | Mostly
  a4-29-03   t06 sp 1.089 x1.00 span 0.64 (T 0.65, aim 0.65) wpm 94 F0 119.6 rng 8.7 fin 2.6 gap 0.00 cer 0.00 lp -0.48 score   4.88 | Mostly
   -> t04 (27 s)
wrote /home/jgon/project/art/mrmas/audio/ep01/act4/dialogue/lines.json (53 rows) in 379 s
