== a4-25-10 NELEH Nine seats. Three left this year. Four of us vote. (target 3.30 s)
   probe: 1.050 -> span 2.930 s; aim 3.300 s -> speed 0.908
  a4-25-10   t01 sp 0.908 x1.00 span 3.20 (T 3.30, aim 3.30) wpm 188 F0 161.0 rng 10.2 fin -3.0 gap 0.29 cer 0.00 lp -0.26 score   0.82 | Nine seats, three left this year, four of us vote.
  a4-25-10   t02 sp 0.908 x1.00 span 3.17 (T 3.30, aim 3.30) wpm 189 F0 155.6 rng 7.3 fin -1.7 gap 0.31 cer 0.10 lp -0.21 score   2.92 | 9 seats, 3 left this year, 4 of us vote.
  a4-25-10   t03 sp 0.908 x1.00 span 3.19 (T 3.30, aim 3.30) wpm 188 F0 160.1 rng 10.1 fin -3.0 gap 0.25 cer 0.10 lp -0.24 score   2.21 | 9 seats, 3 left this year, 4 of us vote.
  a4-25-10   t04 sp 0.908 x1.00 span 3.16 (T 3.30, aim 3.30) wpm 190 F0 158.3 rng 7.6 fin -2.1 gap 0.31 cer 0.10 lp -0.22 score   2.49 | 9 seats, 3 left this year, 4 of us vote.
   -> t01 (24 s)
== a4-27-05 TILED EMPLOYEE Is this a coup? (target 0.90 s)
   probe: 1.050 -> span 1.130 s; aim 0.900 s -> speed 1.312
  a4-27-05   t01 sp 1.312 x1.00 span 0.92 (T 0.90, aim 0.90) wpm 261 F0 145.6 rng 7.9 fin -1.9 gap 0.02 cer 0.00 lp -0.47 score   2.79 | Is this a coup?
  a4-27-05   t02 sp 1.312 x1.09 span 0.90 (T 0.90, aim 0.90) wpm 267 F0 164.3 rng 8.5 fin -5.0 gap 0.01 cer 0.00 lp -0.55 score   6.04 | Is this a coup?
  a4-27-05   t03 sp 1.196 x1.00 span 0.81 (T 0.90, aim 0.90) wpm 296 F0 137.4 rng 7.5 fin -0.2 gap 0.01 cer 0.00 lp -0.42 score   1.60 | Is this a coup?
  a4-27-05   t04 sp 1.312 x1.03 span 0.94 (T 0.90, aim 0.90) wpm 255 F0 162.9 rng 9.7 fin -8.5 gap 0.02 cer 0.00 lp -0.53 score   8.50 | Is this a coup?
  a4-27-05   t05 sp 1.312 x1.07 span 0.83 (T 0.90, aim 0.90) wpm 289 F0 151.1 rng 8.2 fin -4.6 gap 0.02 cer 0.00 lp -0.41 score   5.57 | Is this a coup?
  a4-27-05   t06 sp 1.312 x1.06 span 0.90 (T 0.90, aim 0.90) wpm 267 F0 152.9 rng 8.4 fin -4.9 gap 0.02 cer 0.00 lp -0.47 score   5.57 | Is this a coup?
  a4-27-05   t07 sp 1.312 x1.09 span 0.86 (T 0.90, aim 0.90) wpm 279 F0 163.9 rng 9.3 fin -7.4 gap 0.03 cer 0.00 lp -0.44 score   7.92 | Is this a coup?
  a4-27-05   t08 sp 1.312 x1.00 span 0.97 (T 0.90, aim 0.90) wpm 247 F0 159.7 rng 7.8 fin -7.7 gap 0.03 cer 0.00 lp -0.44 score   7.56 | Is this a coup?
  a4-27-05   t09 sp 1.312 x1.09 span 0.89 (T 0.90, aim 0.90) wpm 270 F0 162.9 rng 9.9 fin -8.6 gap 0.01 cer 0.00 lp -0.47 score   8.82 | Is this a coup?
  a4-27-05   t10 sp 1.153 x1.09 span 0.91 (T 0.90, aim 0.90) wpm 264 F0 150.3 rng 8.6 fin -6.5 gap 0.00 cer 0.00 lp -0.38 score   7.01 | Is this a coup?
  a4-27-05   t11 sp 1.312 x1.07 span 0.91 (T 0.90, aim 0.90) wpm 264 F0 162.0 rng 9.2 fin -6.6 gap 0.01 cer 0.00 lp -0.41 score   6.96 | Is this a coup?
   -> t03 (45 s)
== a4-30-12 MAS MANALT okay. (target 0.60 s)
   probe: 0.970 -> span 0.650 s; aim 0.600 s -> speed 1.051
  a4-30-12   t01 sp 0.946 x1.00 span 0.62 (T 0.60, aim 0.60) wpm 97 F0 99.9 rng 8.6 fin 2.6 gap 0.00 cer 0.00 lp -0.67 score   4.58 | Okay.
  a4-30-12   t02 sp 1.173 x1.00 span 0.64 (T 0.60, aim 0.60) wpm 94 F0 110.6 rng 8.9 fin 2.3 gap 0.01 cer 0.00 lp -0.49 score   2.87 | Okay
  a4-30-12   t03 sp 0.928 x1.00 span 0.62 (T 0.60, aim 0.60) wpm 97 F0 99.4 rng 7.5 fin 2.5 gap 0.01 cer 0.50 lp -0.73 score  10.72 | OK
  a4-30-12   t04 sp 0.893 x1.00 span 0.64 (T 0.60, aim 0.60) wpm 94 F0 105.2 rng 8.4 fin 5.6 gap 0.01 cer 0.00 lp -0.63 score   5.73 | Okay.
  a4-30-12   t05 sp 0.825 x1.00 span 0.57 (T 0.60, aim 0.60) wpm 105 F0 124.5 rng 8.4 fin -6.2 gap 0.02 cer 0.00 lp -0.20 score   0.15 | Okay
  a4-30-12   t06 sp 0.825 x1.00 span 0.56 (T 0.60, aim 0.60) wpm 107 F0 128.6 rng 6.8 fin -4.6 gap 0.04 cer 0.00 lp -0.15 score   0.94 | Okay
  a4-30-12   t07 sp 0.860 x1.10 span 0.61 (T 0.60, aim 0.60) wpm 98 F0 103.2 rng 7.9 fin 4.7 gap 0.02 cer 0.00 lp -0.74 score   6.28 | Okay.
  a4-30-12   t08 sp 0.908 x1.07 span 0.60 (T 0.60, aim 0.60) wpm 100 F0 103.2 rng 6.7 fin 3.0 gap 0.00 cer 0.00 lp -0.65 score   4.46 | Okay.
  a4-30-12   t09 sp 0.825 x1.00 span 0.57 (T 0.60, aim 0.60) wpm 105 F0 124.9 rng 8.4 fin -6.2 gap 0.02 cer 0.00 lp -0.19 score   0.15 | Okay
  a4-30-12   t10 sp 0.987 x1.07 span 0.60 (T 0.60, aim 0.60) wpm 100 F0 118.6 rng 10.7 fin 1.4 gap 0.00 cer 0.00 lp -0.74 score   3.89 | Okay.
   -> t05 (48 s)
== a4-29-vo2 MAS MANALT the badge was a joke. (target 1.60 s)
   V.O. ref: on-camera read at 0.875 -> 1.480 s; aim 1.800 s (slot 1.875)
   probe: 0.870 -> span 1.480 s; aim 1.800 s -> speed 0.715
  a4-29-vo2  t01 sp 0.715 x1.00 span 1.88 (T 1.60, aim 1.80) wpm 160 F0 113.2 rng 9.5 fin -2.4 gap 0.10 cer 0.00 lp -0.36 score   4.21 | The badge was a joke.
  a4-29-vo2  t02 sp 0.715 x1.00 span 1.73 (T 1.60, aim 1.80) wpm 173 F0 106.9 rng 8.9 fin -1.8 gap 0.10 cer 0.00 lp -0.30 score   3.28 | The badge was a joke.
  a4-29-vo2  t03 sp 0.715 x1.00 span 1.81 (T 1.60, aim 1.80) wpm 166 F0 106.9 rng 9.1 fin -2.3 gap 0.10 cer 0.00 lp -0.30 score   2.97 | The badge was a joke.
  a4-29-vo2  t04 sp 0.680 x1.00 span 1.78 (T 1.60, aim 1.80) wpm 169 F0 110.0 rng 9.7 fin -0.2 gap 0.10 cer 0.00 lp -0.32 score   3.83 | The badge was a joke.
  a4-29-vo2  t05 sp 0.660 x1.00 span 1.73 (T 1.60, aim 1.80) wpm 173 F0 114.5 rng 9.3 fin 0.9 gap 0.08 cer 0.00 lp -0.37 score   4.79 | The badge was a joke.
  a4-29-vo2  t06 sp 0.736 x1.00 span 1.79 (T 1.60, aim 1.80) wpm 168 F0 111.9 rng 10.4 fin -1.0 gap 0.09 cer 0.00 lp -0.33 score   4.04 | The badge was a joke.
   -> t03 (33 s)
== a4-29-vo3 MAS MANALT gerg never waits to be asked. (target 2.00 s)
   V.O. ref: on-camera read at 0.875 -> 1.870 s; aim 2.394 s (slot 2.5)
   probe: 0.870 -> span 1.860 s; aim 2.394 s -> speed 0.676
  a4-29-vo3  t01 sp 0.757 x1.00 span 2.46 (T 2.00, aim 2.39) wpm 146 F0 113.9 rng 9.4 fin -2.2 gap 0.05 cer 0.00 lp -0.38 score   2.38 | Gerg never waits to be asked.
  a4-29-vo3  t02 sp 0.676 x1.00 span 2.45 (T 2.00, aim 2.39) wpm 147 F0 111.3 rng 9.1 fin -4.0 gap 0.06 cer 0.00 lp -0.36 score   2.17 | Gerg never waits to be asked.
  a4-29-vo3  t03 sp 0.748 x1.00 span 2.49 (T 2.00, aim 2.39) wpm 145 F0 112.6 rng 10.1 fin -3.3 gap 0.06 cer 0.00 lp -0.39 score   3.55 | Gerg never waits to be asked.
  a4-29-vo3  t04 sp 0.660 x1.00 span 2.35 (T 2.00, aim 2.39) wpm 153 F0 115.2 rng 8.5 fin -3.8 gap 0.05 cer 0.00 lp -0.39 score   2.05 | Gerg never waits to be asked.
  a4-29-vo3  t05 sp 0.676 x1.00 span 2.45 (T 2.00, aim 2.39) wpm 147 F0 120.7 rng 8.8 fin -2.9 gap 0.05 cer 0.00 lp -0.41 score   2.01 | Gerg never waits to be asked.
  a4-29-vo3  t06 sp 0.752 x1.00 span 2.46 (T 2.00, aim 2.39) wpm 146 F0 114.5 rng 9.3 fin -2.2 gap 0.05 cer 0.00 lp -0.38 score   2.30 | Gerg never waits to be asked.
   -> t05 (39 s)
== a4-29-03 MAS MANALT mostly. (target 0.65 s)
   probe: 0.970 -> span 0.730 s; aim 0.650 s -> speed 1.089
  a4-29-03   t01 sp 1.156 x1.00 span 0.66 (T 0.65, aim 0.65) wpm 91 F0 109.4 rng 6.0 fin 3.2 gap 0.00 cer 0.00 lp -0.72 score   4.39 | mostly.
  a4-29-03   t02 sp 0.989 x1.00 span 0.62 (T 0.65, aim 0.65) wpm 97 F0 108.1 rng 6.4 fin 3.0 gap 0.00 cer 0.00 lp -0.73 score   3.93 | Mostly.
  a4-29-03   t03 sp 0.908 x1.00 span 0.68 (T 0.65, aim 0.65) wpm 88 F0 111.3 rng 6.2 fin 2.1 gap 0.00 cer 0.00 lp -0.64 score   4.17 | Mostly.
  a4-29-03   t04 sp 1.089 x1.00 span 0.65 (T 0.65, aim 0.65) wpm 92 F0 111.0 rng 7.8 fin 0.8 gap 0.00 cer 0.00 lp -0.47 score   2.10 | Mostly
  a4-29-03   t05 sp 1.089 x1.00 span 0.64 (T 0.65, aim 0.65) wpm 94 F0 120.0 rng 9.9 fin 1.5 gap 0.00 cer 0.00 lp -0.55 score   4.71 | Mostly
  a4-29-03   t06 sp 1.089 x1.00 span 0.64 (T 0.65, aim 0.65) wpm 94 F0 119.6 rng 8.7 fin 2.6 gap 0.00 cer 0.00 lp -0.49 score   4.91 | Mostly
  a4-29-03   t07 sp 1.089 x1.06 span 0.65 (T 0.65, aim 0.65) wpm 92 F0 105.6 rng 5.8 fin 0.7 gap 0.00 cer 0.00 lp -0.79 score   2.33 | mostly.
  a4-29-03   t08 sp 0.899 x1.08 span 0.65 (T 0.65, aim 0.65) wpm 92 F0 109.4 rng 6.4 fin 0.9 gap 0.00 cer 0.00 lp -0.62 score   2.77 | Mostly
  a4-29-03   t09 sp 0.825 x1.00 span 0.73 (T 0.65, aim 0.65) wpm 82 F0 115.9 rng 7.0 fin -0.8 gap 0.01 cer 0.00 lp -0.53 score   4.55 | Mostly
   -> t04 (41 s)
wrote /home/jgon/project/art/mrmas/audio/ep01/act4/dialogue/lines.json (53 rows) in 248 s
