== a4-26a-vo1 MAS MANALT i don't keep score.
   pace ref (on-camera read): span 1.84 s, 130 wpm, speed 0.656 -> V.O. band (np.float64(108.4), np.float64(120.4))
  a4-26a-vo1 t01  2.45s span 2.31 F0 114.9 rng 8.7 fin -2.5 cer 0.00 lp -0.34 score   1.67 | I don't keep score.
  a4-26a-vo1 t02  2.45s span 2.31 F0 116.9 rng 8.8 fin -3.7 cer 0.00 lp -0.35 score   1.77 | I don't keep score.
  a4-26a-vo1 t03  2.45s span 2.31 F0 111.9 rng 8.8 fin -2.5 cer 0.00 lp -0.35 score   1.76 | I don't keep score.
  a4-26a-vo1 t04  2.14s span 1.97 F0 119.3 rng 8.8 fin -2.5 cer 0.00 lp -0.33 score   1.73 | I don't keep score.
  a4-26a-vo1 t05  2.09s span 1.94 F0 117.6 rng 7.8 fin -1.7 cer 0.00 lp -0.35 score   1.16 | I don't keep score.
  a4-26a-vo1 t06  2.25s span 2.13 F0 122.1 rng 8.5 fin -3.6 cer 0.00 lp -0.35 score   1.55 | I don't keep score.
  a4-26a-vo1 t07  2.65s span 2.51 F0 118.5 rng 7.8 fin -4.3 cer 0.14 lp -0.36 score   2.89 | Uh, I don't keep score.
  a4-26a-vo1 t08  2.30s span 2.14 F0 121.3 rng 8.5 fin -2.8 cer 0.00 lp -0.32 score   1.50 | I don't keep score.
== fallback a4-26a-vo1-fallback i don't keep things.
   pace ref (on-camera read): span 1.81 s, 132 wpm, speed 0.656 -> V.O. band (np.float64(110.2), np.float64(122.4))
  a4-26a-vo1-fallback t01  2.53s span 2.38 F0 110.0 rng 8.4 fin -2.0 cer 0.00 lp -0.42 score   1.58 | I don't keep things.
  a4-26a-vo1-fallback t02  2.53s span 2.38 F0 109.7 rng 8.3 fin -2.1 cer 0.00 lp -0.39 score   1.47 | I don't keep things.
  a4-26a-vo1-fallback t03  2.48s span 2.34 F0 112.6 rng 8.6 fin -2.1 cer 0.00 lp -0.37 score   1.64 | I don't keep things.
  a4-26a-vo1-fallback t04  2.15s span 2.03 F0 119.3 rng 6.2 fin -1.5 cer 0.00 lp -0.29 score   0.88 | I don't keep things.
  a4-26a-vo1-fallback t05  2.19s span 2.07 F0 112.6 rng 7.5 fin -1.2 cer 0.00 lp -0.29 score   1.03 | I don't keep things.
  a4-26a-vo1-fallback t06  2.18s span 2.06 F0 118.6 rng 8.2 fin -1.9 cer 0.00 lp -0.30 score   1.26 | I don't keep things.
  a4-26a-vo1-fallback t07  2.68s span 2.57 F0 115.2 rng 6.5 fin 0.6 cer 0.13 lp -0.44 score   3.62 | Uh, I don't keep things.
  a4-26a-vo1-fallback t08  2.18s span 2.02 F0 114.9 rng 8.0 fin -1.1 cer 0.00 lp -0.29 score   1.10 | I don't keep things.
== a4-26a-vo2 MAS MANALT the meeting ended early.
   pace ref (on-camera read): span 1.77 s, 136 wpm, speed 0.82 -> V.O. band (np.float64(113.0), np.float64(125.5))
  a4-26a-vo2 t01  2.28s span 2.16 F0 117.2 rng 9.6 fin -3.8 cer 0.00 lp -0.40 score   2.41 | The meeting ended early.
  a4-26a-vo2 t02  2.29s span 2.16 F0 117.2 rng 9.9 fin -4.1 cer 0.00 lp -0.38 score   2.60 | The meeting ended early.
  a4-26a-vo2 t03  2.33s span 2.20 F0 114.5 rng 9.5 fin -4.5 cer 0.10 lp -0.38 score   3.50 | So the meeting ended early.
  a4-26a-vo2 t04  2.19s span 2.08 F0 108.7 rng 9.2 fin -5.1 cer 0.00 lp -0.32 score   2.04 | The meeting ended early.
  a4-26a-vo2 t05  2.06s span 1.94 F0 109.1 rng 9.5 fin -0.2 cer 0.00 lp -0.29 score   2.42 | The meeting ended early.
  a4-26a-vo2 t06  2.05s span 1.92 F0 112.6 rng 9.8 fin -0.3 cer 0.00 lp -0.31 score   2.59 | The meeting ended early.
  a4-26a-vo2 t07  2.30s span 2.20 F0 120.7 rng 9.9 fin -7.8 cer 0.00 lp -0.37 score   3.42 | The meeting ended early.
  a4-26a-vo2 t08  2.17s span 2.04 F0 110.0 rng 9.6 fin -2.1 cer 0.00 lp -0.37 score   2.37 | The meeting ended early.
== a4-29-vo1 MAS MANALT i put the phone down.
   pace ref (on-camera read): span 1.79 s, 167 wpm, speed 0.697 -> V.O. band (np.float64(139.3), np.float64(154.8))
  a4-29-vo1  t01  2.42s span 2.29 F0 115.2 rng 9.0 fin -3.8 cer 0.00 lp -0.40 score   1.99 | I put the phone down.
  a4-29-vo1  t02  2.42s span 2.30 F0 115.2 rng 9.0 fin -3.7 cer 0.00 lp -0.40 score   1.98 | I put the phone down.
  a4-29-vo1  t03  2.42s span 2.29 F0 115.9 rng 9.0 fin -3.5 cer 0.00 lp -0.38 score   1.95 | I put the phone down.
  a4-29-vo1  t04  2.23s span 2.11 F0 110.6 rng 7.5 fin -5.6 cer 0.00 lp -0.33 score   1.28 | I put the phone down.
  a4-29-vo1  t05  2.15s span 1.99 F0 109.4 rng 8.2 fin -4.9 cer 0.00 lp -0.27 score   1.21 | I put the phone down.
  a4-29-vo1  t06  2.20s span 2.07 F0 111.3 rng 8.0 fin -5.7 cer 0.00 lp -0.28 score   1.29 | I put the phone down.
  a4-29-vo1  t07  2.57s span 2.47 F0 116.9 rng 9.5 fin -6.4 cer 0.00 lp -0.42 score   2.78 | I put the phone down.
  a4-29-vo1  t08  2.08s span 1.96 F0 109.4 rng 8.2 fin -4.8 cer 0.00 lp -0.31 score   1.27 | I put the phone down.
== a4-29-vo2 MAS MANALT the badge was a joke.
   pace ref (on-camera read): span 1.87 s, 160 wpm, speed 0.697 -> V.O. band (np.float64(133.7), np.float64(148.5))
  a4-29-vo2  t01  2.44s span 2.32 F0 115.2 rng 8.0 fin -0.1 cer 0.19 lp -0.44 score   3.90 | The batch was a joke.
  a4-29-vo2  t02  2.44s span 2.32 F0 115.3 rng 8.1 fin -0.8 cer 0.00 lp -0.44 score   1.39 | The badge was a joke.
  a4-29-vo2  t03  2.55s span 2.42 F0 112.6 rng 8.3 fin -4.2 cer 0.00 lp -0.42 score   1.51 | The badge was a joke.
  a4-29-vo2  t04  2.23s span 2.11 F0 107.2 rng 8.8 fin -3.3 cer 0.00 lp -0.30 score   1.68 | The badge was a joke.
  a4-29-vo2  t05  2.18s span 2.04 F0 107.5 rng 9.0 fin -0.3 cer 0.00 lp -0.31 score   2.00 | The badge was a joke.
  a4-29-vo2  t06  2.26s span 2.11 F0 111.9 rng 9.3 fin 0.0 cer 0.00 lp -0.35 score   2.53 | The badge was a joke.
  a4-29-vo2  t07  2.37s span 2.26 F0 110.1 rng 9.4 fin -0.7 cer 0.00 lp -0.38 score   2.51 | The badge was a joke.
  a4-29-vo2  t08  2.30s span 2.14 F0 109.4 rng 8.8 fin -0.4 cer 0.00 lp -0.33 score   1.81 | The badge was a joke.
== a4-29-03 MAS MANALT mostly.
  a4-29-03   t01  0.90s span 0.79 F0 111.3 rng 6.7 fin 0.1 cer 0.00 lp -0.75 score   1.31 | Mostly.
  a4-29-03   t02  0.94s span 0.82 F0 110.6 rng 7.2 fin -1.0 cer 0.00 lp -0.79 score   0.88 | Mostly.
  a4-29-03   t03  0.97s span 0.84 F0 108.4 rng 9.5 fin -3.1 cer 0.00 lp -0.73 score   1.09 | Mostly.
  a4-29-03   t04  0.94s span 0.82 F0 106.9 rng 8.3 fin -2.2 cer 0.00 lp -0.76 score   0.85 | Mostly.
  a4-29-03   t05  1.02s span 0.90 F0 107.5 rng 7.1 fin 3.6 cer 0.00 lp -0.70 score   4.03 | MOSTLY
  a4-29-03   t06  1.03s span 0.92 F0 108.7 rng 9.1 fin 0.9 cer 0.00 lp -0.53 score   1.67 | MOSTLY
  a4-29-03   t07  1.13s span 1.02 F0 115.9 rng 9.7 fin 1.0 cer 0.00 lp -0.70 score   4.56 | Mostly.
  a4-29-03   t08  0.89s span 0.79 F0 108.4 rng 9.3 fin 0.2 cer 0.00 lp -0.70 score   1.49 | Mostly.
  a4-29-03   t09  1.02s span 0.91 F0 109.7 rng 8.8 fin 2.6 cer 0.00 lp -0.58 score   3.04 | MOSTLY
  a4-29-03   t10  0.93s span 0.81 F0 110.6 rng 6.5 fin 2.2 cer 0.00 lp -0.72 score   2.95 | Mostly.
== a4-29-vo3 MAS MANALT gerg never waits to be asked.
   pace ref (on-camera read): span 2.44 s, 148 wpm, speed 0.697 -> V.O. band (np.float64(123.0), np.float64(136.6))
  a4-29-vo3  t01  3.19s span 3.06 F0 115.2 rng 9.3 fin -3.4 cer 0.00 lp -0.39 score   2.19 | Gerg never waits to be asked.
  a4-29-vo3  t02  3.19s span 3.06 F0 115.2 rng 9.1 fin -3.4 cer 0.00 lp -0.37 score   2.01 | Gerg never waits to be asked.
  a4-29-vo3  t03  3.28s span 3.17 F0 115.2 rng 9.5 fin -3.8 cer 0.00 lp -0.41 score   2.36 | Gerg never waits to be asked.
  a4-29-vo3  t04  2.99s span 2.88 F0 112.2 rng 9.5 fin -3.4 cer 0.00 lp -0.41 score   2.35 | Gerg never waits to be asked.
  a4-29-vo3  t05  2.81s span 2.70 F0 111.9 rng 8.6 fin -3.7 cer 0.00 lp -0.39 score   1.68 | Gerg never waits to be asked.
  a4-29-vo3  t06  2.79s span 2.68 F0 115.2 rng 8.9 fin -3.8 cer 0.00 lp -0.34 score   1.82 | Gerg never waits to be asked.
  a4-29-vo3  t07  3.28s span 3.17 F0 115.5 rng 9.0 fin -3.1 cer 0.00 lp -0.44 score   2.05 | Gerg never waits to be asked.
  a4-29-vo3  t08  2.82s span 2.71 F0 113.2 rng 8.9 fin -4.2 cer 0.00 lp -0.38 score   1.87 | Gerg never waits to be asked.
wrote /home/jgon/project/art/mrmas/audio/ep01/act4/dialogue/lines.json (55 lines)
