== master mada-good-question
  mada-good-question t01  1.05s span 0.94 F0 125.3 rng 9.4 fin -1.6 cer 0.00 lp -0.48 score   3.01 | Good question.
  mada-good-question t02  1.05s span 0.94 F0 127.8 rng 9.4 fin -0.6 cer 0.00 lp -0.47 score   3.00 | Good question.
  mada-good-question t03  1.00s span 0.89 F0 141.8 rng 13.3 fin -0.7 cer 0.00 lp -0.50 score   8.61 | Good question.
  mada-good-question t04  1.05s span 0.95 F0 122.8 rng 8.5 fin -5.4 cer 0.00 lp -0.44 score   2.48 | Good question.
  mada-good-question t05  1.16s span 1.04 F0 129.0 rng 9.0 fin -0.9 cer 0.00 lp -0.44 score   2.61 | Good question.
  mada-good-question t06  1.00s span 0.90 F0 127.8 rng 9.6 fin -1.0 cer 0.00 lp -0.34 score   2.97 | Good question.
  mada-good-question t07  1.08s span 0.98 F0 128.2 rng 8.1 fin -5.9 cer 0.00 lp -0.42 score   2.36 | Good question.
  mada-good-question t08  1.09s span 0.99 F0 123.5 rng 7.5 fin -5.2 cer 0.00 lp -0.36 score   2.11 | Good question.
== echo a4-30-09
  a4-30-09   t01  1.20s span 1.07 F0 108.1 rng 10.1 fin 2.0 cer 0.00 lp -0.50 score   2.51 | Good question.
  a4-30-09   t02  1.42s span 1.31 F0 109.4 rng 11.0 fin 2.0 cer 0.00 lp -0.51 score   3.37 | Good question.
  a4-30-09   t03  1.09s span 0.98 F0 108.1 rng 10.3 fin 2.3 cer 0.00 lp -0.41 score   2.74 | Good question.
  a4-30-09   t04  1.28s span 1.17 F0 117.2 rng 11.3 fin -3.5 cer 0.00 lp -0.55 score   1.31 | Good question.
  a4-30-09   t05  1.11s span 1.01 F0 115.5 rng 10.8 fin 0.6 cer 0.00 lp -0.44 score   1.72 | Good question.
  a4-30-09   t06  1.21s span 1.07 F0 108.1 rng 9.9 fin 1.7 cer 0.00 lp -0.52 score   2.24 | Good question.
  a4-30-09   t07  1.34s span 1.23 F0 113.9 rng 10.7 fin -2.1 cer 0.00 lp -0.56 score   0.96 | Good question.
  a4-30-09   t08  1.33s span 1.22 F0 107.5 rng 11.2 fin 2.7 cer 0.00 lp -0.51 score   3.75 | Good question.
  a4-30-09   t09  1.09s span 0.98 F0 105.0 rng 8.3 fin 2.4 cer 0.00 lp -0.40 score   2.61 | Good question.
  a4-30-09   t10  1.14s span 1.03 F0 110.6 rng 11.4 fin 1.9 cer 0.00 lp -0.48 score   3.18 | Good question.
   calm-off pair: MADA t07 x MAS t07  r=0.886  pair score 4.55
== a4-25-01 NELEH Step four.
  a4-25-01   t01  0.83s span 0.72 F0 194.9 rng 9.3 fin -1.6 cer 0.00 lp -0.53 score   0.50 | Step 4.
  a4-25-01   t02  0.85s span 0.74 F0 149.4 rng 5.1 fin 1.3 cer 0.00 lp -0.55 score   4.54 | Step 4
  a4-25-01   t03  0.83s span 0.72 F0 193.8 rng 9.5 fin -1.6 cer 0.00 lp -0.48 score   0.42 | Step 4.
== a4-25-02 MADA Good question.
== a4-26-01 MAS MANALT super.
  a4-26-01   t01  0.92s span 0.80 F0 110.6 rng 9.1 fin 1.8 cer 0.20 lp -0.90 score   5.36 | A Super.
  a4-26-01   t02  1.04s span 0.91 F0 110.6 rng 10.2 fin 0.3 cer 0.20 lp -0.79 score   6.45 | A Super!
  a4-26-01   t03  0.80s span 0.69 F0 102.3 rng 10.8 fin 2.2 cer 0.00 lp -0.82 score   4.85 | Super.
  a4-26-01   t04  0.82s span 0.71 F0 97.4 rng 9.7 fin 3.6 cer 0.00 lp -0.73 score   6.45 | Super.
  a4-26-01   t05  0.90s span 0.78 F0 112.3 rng 8.5 fin 1.8 cer 0.60 lp -0.92 score  10.13 | The Super.
  a4-26-01   t06  0.89s span 0.77 F0 100.3 rng 7.7 fin 1.4 cer 0.00 lp -0.85 score   3.68 | Super.
  a4-26-01   t07  0.81s span 0.69 F0 100.9 rng 9.1 fin 4.1 cer 0.00 lp -0.80 score   5.67 | super
  a4-26-01   t08  0.86s span 0.75 F0 99.1 rng 8.3 fin 2.1 cer 0.00 lp -0.75 score   4.41 | Super.
  a4-26-01   t09  0.78s span 0.67 F0 98.3 rng 8.7 fin 2.6 cer 0.00 lp -0.58 score   4.76 | super
  a4-26-01   t10  0.86s span 0.74 F0 100.3 rng 8.5 fin 2.4 cer 0.00 lp -0.53 score   4.01 | Super
  a4-26-01   t11  0.80s span 0.69 F0 96.3 rng 11.3 fin 1.1 cer 0.00 lp -0.86 score   5.89 | Super.
== a4-26a-01 MAS MANALT "if i start going off, the nopeai board should go after me for the full value of my shares"
  a4-26a-01  t01  8.40s span 8.29 F0 109.0 rng 9.1 fin -3.5 cer 0.00 lp -0.18 score   0.00 | If I start going off, the NOPE AI board should go after me for the full value of my shares.
== a4-27-01 GERG MOCKBRAN "…I quit."
  a4-27-01   t01  0.63s span 0.51 F0 137.0 rng 6.9 fin -2.7 cer 0.00 lp -0.39 score   0.28 | I quit.
  a4-27-01   t02  0.68s span 0.57 F0 130.1 rng 3.3 fin -2.6 cer 0.60 lp -0.72 score   7.99 | and quit.
== a4-27-02 RIMA TAMURI I'll hold it together.
  a4-27-02   t01  1.82s span 1.68 F0 207.7 rng 9.1 fin 2.2 cer 0.00 lp -0.35 score   2.38 | I'll hold it together.
  a4-27-02   t02  1.82s span 1.68 F0 208.9 rng 9.0 fin 5.0 cer 0.00 lp -0.36 score   4.64 | I'll hold it together.
  a4-27-02   t03  1.95s span 1.81 F0 203.9 rng 9.4 fin 2.1 cer 0.00 lp -0.41 score   2.39 | I'll hold it together."
  a4-27-02   t04  1.47s span 1.35 F0 200.0 rng 7.0 fin 7.1 cer 0.00 lp -0.28 score   6.20 | I'll hold it together.
== a4-27-03 NELEH For how long?
  a4-27-03   t01  1.20s span 1.07 F0 168.7 rng 8.2 fin -0.1 cer 0.00 lp -0.46 score   0.39 | For how long?
  a4-27-03   t02  1.08s span 0.96 F0 146.8 rng 4.0 fin 0.9 cer 0.00 lp -0.44 score   3.39 | For how long?
  a4-27-03   t03  1.20s span 1.07 F0 160.1 rng 8.3 fin 0.0 cer 0.00 lp -0.48 score   1.20 | For how long?
  a4-27-03   t04  1.21s span 1.08 F0 163.9 rng 8.3 fin -0.1 cer 0.00 lp -0.49 score   0.61 | For how long?
== a4-27-04 RIMA TAMURI We'll share more soon.
  a4-27-04   t01  1.54s span 1.43 F0 212.5 rng 9.3 fin -0.4 cer 0.00 lp -0.29 score   0.21 | We'll share more soon.
  a4-27-04   t02  1.78s span 1.67 F0 202.9 rng 9.3 fin -3.1 cer 0.00 lp -0.30 score   2.25 | We'll share more soon.
  a4-27-04   t03  1.37s span 1.25 F0 205.3 rng 6.9 fin -2.6 cer 0.00 lp -0.24 score   0.06 | We'll share more soon.
== a4-27-05 TILED EMPLOYEE Is this a coup?
  a4-27-05   t01  1.54s span 1.24 F0 187.1 rng 10.3 fin -7.7 cer 0.00 lp -0.47 score   7.37 | Is this a coup?
  a4-27-05   t02  1.45s span 1.03 F0 152.0 rng 7.8 fin -5.7 cer 0.00 lp -0.42 score   5.69 | Is this a coup?
  a4-27-05   t03  1.54s span 1.24 F0 189.3 rng 10.3 fin -6.2 cer 0.00 lp -0.43 score   6.10 | Is this a coup?
  a4-27-05   t04  1.61s span 1.32 F0 186.1 rng 10.1 fin -6.0 cer 0.00 lp -0.53 score   6.10 | Is this a coup?
  a4-27-05   t05  1.52s span 1.13 F0 156.5 rng 7.1 fin -2.6 cer 0.00 lp -0.38 score   3.14 | Is this a coup?
== a4-27-06 ALYI "You can call it this way"
  a4-27-06   t01  3.12s span 3.00 F0 82.6 rng 13.4 fin -2.8 cer 0.00 lp -0.34 score   0.21 | You can call it this way.
== a4-27-07 MAS MANALT "…sorta like reading your own eulogy while you're still alive"
  a4-27-07   t01  5.14s span 5.03 F0 111.9 rng 9.7 fin -7.4 cer 0.00 lp -0.22 score   0.03 | Sorta like reading your own eulogy while you're still alive.
== a4-27-08 NELEH The bylaws allow it. Footnote three.
  a4-27-08   t01  2.35s span 2.24 F0 174.6 rng 9.7 fin -3.3 cer 0.00 lp -0.43 score   0.34 | The bylaws allow it, footnote 3.
  a4-27-08   t02  2.35s span 2.24 F0 172.6 rng 9.6 fin -3.5 cer 0.00 lp -0.43 score   0.34 | The bylaws allow it, footnote 3.
  a4-27-08   t03  2.42s span 2.30 F0 171.6 rng 9.4 fin -2.6 cer 0.00 lp -0.44 score   0.36 | The bylaws allow it, footnote 3.
== a4-27-09 ALYI Step four… will reveal itself.
  a4-27-09   t01  3.27s span 3.15 F0 86.8 rng 13.3 fin -6.0 cer 0.00 lp -0.50 score   0.45 | Step 4 will reveal itself.
== a4-27-10 NELEH When?
  a4-27-10   t01  0.60s span 0.48 F0 210.1 rng 2.9 fin -1.6 cer 0.00 lp -0.66 score   1.97 | When
  a4-27-10   t02  0.53s span 0.41 F0 143.5 rng 2.2 fin 0.9 cer 0.00 lp -0.61 score   4.24 | When
  a4-27-10   t03  0.54s span 0.42 F0 137.0 rng 4.8 fin 0.0 cer 0.00 lp -0.65 score   5.50 | When
  a4-27-10   t04  0.61s span 0.48 F0 210.1 rng 3.2 fin -1.8 cer 0.00 lp -0.57 score   1.83 | When
  a4-27-10   t05  0.64s span 0.52 F0 210.1 rng 3.7 fin -2.1 cer 0.00 lp -0.84 score   2.24 | When
== a4-27-11 ALYI The company will tell us.
  a4-27-11   t01  3.19s span 2.93 F0 84.1 rng 12.9 fin -5.5 cer 0.00 lp -0.42 score   0.32 | The company will tell us.
== a4-27-12 NELEH The company is calling us.
  a4-27-12   t01  1.68s span 1.56 F0 168.2 rng 9.4 fin -1.3 cer 0.00 lp -0.26 score   0.10 | The company is calling us.
== a4-27-13 ALYI That is the company telling us.
  a4-27-13   t01  3.70s span 3.57 F0 83.8 rng 13.0 fin -6.4 cer 0.00 lp -0.31 score   0.17 | That is the company telling us.
== a4-27-14 MARIO I've written up some thoughts.
  a4-27-14   t01  1.86s span 1.75 F0 112.6 rng 15.0 fin 0.8 cer 0.08 lp -0.25 score   1.07 | I've written up some thoughts as
  a4-27-14   t02  1.86s span 1.75 F0 121.3 rng 12.6 fin 1.0 cer 0.08 lp -0.27 score   1.09 | I've written up some thoughts as
  a4-27-14   t03  2.16s span 2.04 F0 113.2 rng 11.9 fin 2.2 cer 0.00 lp -0.26 score   0.09 | I've written up some thoughts.
== a4-27-15 ADELINA In plain English: no.
  a4-27-15   t01  1.57s span 1.46 F0 199.4 rng 6.5 fin -1.3 cer 0.00 lp -0.32 score   0.18 | in plain English. No.
  a4-27-15   t02  1.52s span 1.41 F0 199.4 rng 6.6 fin -1.3 cer 0.00 lp -0.37 score   0.26 | in plain English. No.
  a4-27-15   t03  1.70s span 1.60 F0 196.0 rng 6.1 fin -1.1 cer 0.00 lp -0.52 score   0.48 | In plain English. No.
  a4-27-15   t04  1.56s span 1.45 F0 197.7 rng 7.3 fin -0.3 cer 0.00 lp -0.32 score   0.35 | in plain English. No.
== a4-27-16 MARIO Hi. Yes. We're very worried. How much?
  a4-27-16   t01  2.77s span 2.65 F0 116.5 rng 14.2 fin -2.7 cer 0.00 lp -0.43 score   0.34 | Hi, yes, we're very worried how much.
  a4-27-16   t02  2.79s span 2.65 F0 114.9 rng 14.4 fin -5.2 cer 0.00 lp -0.44 score   0.38 | Hi, yes, we're very worried how much.
  a4-27-16   t03  2.60s span 2.46 F0 114.5 rng 12.8 fin -5.7 cer 0.00 lp -0.43 score   0.46 | Hi, yes, we're very worried how much.
  a4-27-16   t04  2.79s span 2.65 F0 115.2 rng 14.4 fin -5.2 cer 0.00 lp -0.45 score   0.38 | Hi, yes, we're very worried how much.
== a4-27-17 MAS MANALT "first and last time i ever wear one of these"
  a4-27-17   t01  4.37s span 4.26 F0 114.2 rng 10.1 fin 0.1 cer 0.09 lp -0.18 score   1.03 | The first and last time I ever wear one of these.
  a4-27-17   t02  4.37s span 4.26 F0 115.2 rng 10.2 fin 0.3 cer 0.09 lp -0.20 score   1.03 | The first and last time I ever wear one of these.
== a4-27-18 TTEMME Chat. I'm the CEO now.
  a4-27-18   t01  1.70s span 1.60 F0 155.6 rng 13.2 fin -4.7 cer 0.00 lp -0.34 score   3.01 | Chat, I'm the CEO now.
  a4-27-18   t02  1.70s span 1.60 F0 151.1 rng 14.3 fin -5.6 cer 0.00 lp -0.33 score   2.20 | Chat, I'm the CEO now.
  a4-27-18   t03  1.70s span 1.60 F0 152.0 rng 13.4 fin -4.7 cer 0.00 lp -0.33 score   2.59 | Chat, I'm the CEO now.
  a4-27-18   t04  1.70s span 1.60 F0 155.6 rng 13.4 fin -4.9 cer 0.00 lp -0.32 score   2.98 | Chat. I'm the CEO now.
  a4-27-18   t05  1.74s span 1.64 F0 152.5 rng 8.6 fin -0.8 cer 0.00 lp -0.31 score   0.16 | Chat, I'm the CEO now.
== a4-27-19 TTEMME Chat… for how long?
  a4-27-19   t01  1.64s span 1.54 F0 116.5 rng 10.8 fin 1.7 cer 0.00 lp -0.42 score   1.53 | Chat? For how long?
  a4-27-19   t02  1.61s span 1.51 F0 121.1 rng 12.3 fin 1.2 cer 0.00 lp -0.40 score   0.49 | Chat? For how long?
  a4-27-19   t03  1.72s span 1.62 F0 114.2 rng 11.2 fin 0.0 cer 0.00 lp -0.42 score   2.85 | Chat for how long.
  a4-27-19   t04  1.62s span 1.52 F0 108.7 rng 9.3 fin -2.2 cer 0.00 lp -0.64 score   6.21 | Chat for how long.
== a4-27-20 TASYA "a new advanced AI research team"
  a4-27-20   t01  3.03s span 2.91 F0 151.1 rng 11.3 fin -5.6 cer 0.00 lp -0.41 score   5.70 | A new advanced AI research team.
  a4-27-20   t02  3.02s span 2.91 F0 151.1 rng 11.3 fin -5.0 cer 0.00 lp -0.44 score   6.14 | A new advanced AI research team.
  a4-27-20   t03  2.93s span 2.79 F0 151.1 rng 12.3 fin -6.6 cer 0.00 lp -0.44 score   4.56 | A new advanced AI research team.
  a4-27-20   t04  2.95s span 2.81 F0 150.3 rng 11.5 fin -5.8 cer 0.00 lp -0.45 score   5.23 | A new advanced AI research team.
  a4-27-20   t05  3.03s span 2.91 F0 151.1 rng 11.5 fin -6.1 cer 0.00 lp -0.42 score   4.91 | A new advanced AI research team.
  a4-27-20   t06  2.93s span 2.80 F0 149.4 rng 12.3 fin -6.5 cer 0.00 lp -0.44 score   4.36 | A new advanced AI research team.
  a4-27-20   t07  3.03s span 2.90 F0 151.1 rng 13.0 fin -7.3 cer 0.00 lp -0.42 score   5.33 | A new advanced AI research team.
  a4-27-20   t08  2.98s span 2.85 F0 151.1 rng 10.7 fin -4.3 cer 0.00 lp -0.44 score   6.14 | A new advanced AI research team.
  a4-27-20   t09  2.80s span 2.70 F0 154.2 rng 10.4 fin -3.1 cer 0.00 lp -0.39 score   1.00 | A new advanced AI research team
  a4-27-20   t10  2.88s span 2.77 F0 155.6 rng 10.8 fin -3.1 cer 0.00 lp -0.34 score   1.16 | A new advanced AI research team
== a4-27-21 NELEH Step four?
  a4-27-21   t01  0.84s span 0.73 F0 192.6 rng 9.3 fin -1.3 cer 0.00 lp -0.57 score   2.39 | Step 4.
  a4-27-21   t02  0.84s span 0.74 F0 139.4 rng 4.3 fin -0.0 cer 0.00 lp -0.59 score   5.77 | Step 4
  a4-27-21   t03  0.84s span 0.73 F0 185.0 rng 9.9 fin -1.9 cer 0.00 lp -0.58 score   2.88 | Step 4.
  a4-27-21   t04  0.85s span 0.74 F0 181.3 rng 8.9 fin -0.9 cer 0.00 lp -0.48 score   1.94 | Step 4.
== a4-27-22 MADA Good question.
== a4-29-01 RIMA TAMURI "NopeAI is nothing without its people"
  a4-29-01   t01  3.03s span 2.92 F0 190.4 rng 8.8 fin 4.1 cer 0.00 lp -0.29 score   0.14 | Nope AI is nothing without its people.
== a4-29-02 MAS MANALT the hearts were sincere.
  a4-29-02   t01  1.75s span 1.65 F0 113.9 rng 11.4 fin -7.8 cer 0.00 lp -0.38 score   0.27 | The hearts were sincere.
== a4-29-03 MAS MANALT mostly.
  a4-29-03   t01  1.03s span 0.92 F0 110.0 rng 9.2 fin 0.9 cer 0.00 lp -0.52 score   1.72 | MOSTLY
  a4-29-03   t02  1.20s span 1.10 F0 113.9 rng 8.9 fin -0.4 cer 0.00 lp -0.71 score   5.34 | Mostly.
  a4-29-03   t03  0.87s span 0.76 F0 106.9 rng 7.7 fin 1.3 cer 0.00 lp -0.68 score   2.16 | MOSTLY
  a4-29-03   t04  0.93s span 0.82 F0 106.9 rng 8.1 fin 4.7 cer 0.00 lp -0.75 score   4.99 | MOSTLY
  a4-29-03   t05  0.92s span 0.81 F0 106.2 rng 7.5 fin 0.8 cer 0.00 lp -0.76 score   1.88 | Mostly.
  a4-29-03   t06  0.87s span 0.76 F0 106.3 rng 7.0 fin 1.4 cer 0.00 lp -0.69 score   2.25 | MOSTLY
  a4-29-03   t07  0.94s span 0.83 F0 102.6 rng 6.3 fin 2.5 cer 1.17 lp -0.93 score  18.10 | emotionally.
== a4-29-04 GERG MOCKBRAN One sec. Compiling.
  a4-29-04   t01  1.06s span 0.92 F0 147.3 rng 6.0 fin 5.2 cer 0.67 lp -0.92 score   9.08 | Let's take a mulling.
  a4-29-04   t02  1.21s span 1.04 F0 141.4 rng 7.1 fin -2.9 cer 0.00 lp -0.51 score   0.47 | One sec, compiling.
== a4-29-05 MAS MANALT what are you building?
  a4-29-05   t01  1.97s span 1.86 F0 111.0 rng 9.0 fin 0.3 cer 0.00 lp -0.35 score   0.23 | What are you building?
  a4-29-05   t02  1.97s span 1.86 F0 110.6 rng 9.9 fin 0.2 cer 0.00 lp -0.38 score   0.27 | What are you building?
  a4-29-05   t03  1.97s span 1.86 F0 110.6 rng 9.9 fin 0.3 cer 0.00 lp -0.37 score   0.25 | What are you building?
== a4-29-06 GERG MOCKBRAN The company. Again. Just in case.
  a4-29-06   t01  1.84s span 1.75 F0 141.8 rng 7.4 fin 0.2 cer 0.12 lp -0.41 score   4.55 | company again, just in case.
  a4-29-06   t02  1.90s span 1.80 F0 132.3 rng 7.0 fin -0.6 cer 0.00 lp -0.38 score   5.07 | The company, again, just in case.
  a4-29-06   t03  1.84s span 1.74 F0 141.8 rng 7.8 fin -1.1 cer 0.12 lp -0.39 score   3.33 | company, again, just in case.
  a4-29-06   t04  1.84s span 1.75 F0 139.4 rng 7.6 fin -0.5 cer 0.12 lp -0.40 score   4.14 | company again, just in case.
  a4-29-06   t05  1.98s span 1.87 F0 133.1 rng 7.3 fin 0.2 cer 0.00 lp -0.45 score   0.37 | The company, again, just in case.
  a4-29-06   t06  1.90s span 1.80 F0 132.0 rng 6.9 fin -0.4 cer 0.00 lp -0.39 score   2.68 | The company, again, just in case.
== a4-29-07 TASYA Everyone is welcome.
  a4-29-07   t01  1.50s span 1.38 F0 152.9 rng 14.9 fin -5.3 cer 0.00 lp -0.37 score   0.76 | Everyone is welcome.
== a4-29-08 MAS MANALT leave it open.
  a4-29-08   t01  1.51s span 1.40 F0 111.9 rng 11.4 fin -1.9 cer 0.00 lp -0.48 score   1.25 | Leave it open.
  a4-29-08   t02  1.41s span 1.31 F0 111.3 rng 10.2 fin 0.7 cer 0.00 lp -0.42 score   1.41 | Leave it open.
  a4-29-08   t03  1.52s span 1.42 F0 111.3 rng 10.8 fin -2.1 cer 0.00 lp -0.50 score   0.93 | Leave it open.
  a4-29-08   t04  1.41s span 1.29 F0 106.3 rng 9.4 fin 2.6 cer 0.00 lp -0.45 score   2.85 | Leave it open.
== a4-29-09 NELEH Has anyone read the char—
  a4-29-09   t01  1.67s span 1.55 F0 167.7 rng 8.5 fin -1.0 cer 0.15 lp -0.32 score   6.39 | Has anyone read the charter?
  a4-29-09   t02  1.66s span 1.55 F0 170.6 rng 8.5 fin -1.2 cer 0.15 lp -0.28 score   5.92 | Has anyone read the charter?
  a4-29-09   t03  1.66s span 1.55 F0 166.7 rng 8.5 fin -1.4 cer 0.15 lp -0.29 score   1.94 | Has anyone read the charter?
== a4-30-01 ALYI "I deeply regret my participation in the board's actions."
  a4-30-01   t01  5.17s span 5.04 F0 85.3 rng 12.2 fin -7.1 cer 0.00 lp -0.19 score   0.00 | I deeply regret my participation in the board's actions.
== a4-30-02 TASYA "We are below them, above them, around them."
  a4-30-02   t01  3.66s span 3.54 F0 137.8 rng 15.3 fin -7.3 cer 0.00 lp -0.27 score   0.10 | We are below them, above them, around them.
== a4-30-03 MAS MANALT hi.
  a4-30-03   t01  0.71s span 0.60 F0 122.2 rng 8.0 fin 0.3 cer 0.00 lp -0.78 score   1.51 | Hi!
  a4-30-03   t02  0.67s span 0.57 F0 96.2 rng 9.3 fin 0.1 cer 0.00 lp -0.85 score   3.90 | HI
  a4-30-03   t03  0.74s span 0.63 F0 98.9 rng 6.5 fin -1.1 cer 0.00 lp -0.90 score   2.60 | Hi.
  a4-30-03   t04  0.72s span 0.61 F0 116.9 rng 7.9 fin 1.3 cer 0.00 lp -0.77 score   2.29 | Hi!
  a4-30-03   t05  0.68s span 0.58 F0 96.5 rng 8.5 fin 0.5 cer 0.00 lp -0.96 score   4.13 | Hi!
  a4-30-03   t06  0.66s span 0.55 F0 100.3 rng 6.6 fin 1.0 cer 1.00 lp -0.88 score  15.40 | High
== a4-30-04 TASYA Hello.
  a4-30-04   t01  0.80s span 0.64 F0 133.1 rng 9.7 fin -0.4 cer 0.00 lp -0.77 score   0.86 | Hello!
  a4-30-04   t02  0.78s span 0.67 F0 115.5 rng 6.9 fin 1.2 cer 0.40 lp -0.80 score   8.77 | is hello.
  a4-30-04   t03  0.89s span 0.71 F0 149.0 rng 11.4 fin -1.3 cer 0.00 lp -0.59 score   0.59 | Hello.
== a4-30-05 TERB Which room is on fire?
  a4-30-05   t01  1.73s span 1.59 F0 104.1 rng 12.9 fin -6.6 cer 0.00 lp -0.32 score   0.18 | Which room is on fire?
  a4-30-05   t02  1.71s span 1.59 F0 103.2 rng 12.9 fin -6.6 cer 0.00 lp -0.30 score   0.16 | Which room is on fire?
  a4-30-05   t03  1.73s span 1.59 F0 103.2 rng 14.6 fin -4.4 cer 0.00 lp -0.32 score   0.18 | Which room is on fire?
== a4-30-06 TERB …Ah.
  a4-30-06   t01  0.70s span 0.59 F0 111.9 rng 13.0 fin 1.2 cer 0.50 lp -1.18 score   8.84 | Ahh
  a4-30-06   t02  0.63s span 0.41 F0 89.9 rng 11.5 fin 0.0 cer 0.00 lp -0.70 score   1.14 | Ah.
  a4-30-06   t03  0.73s span 0.54 F0 88.6 rng 12.3 fin -13.2 cer 1.00 lp -0.73 score  12.80 | Aww
  a4-30-06   t04  0.92s span 0.74 F0 88.8 rng 16.0 fin -1.7 cer 1.50 lp -1.01 score  23.42 | Wow!
== a4-30-07 TERB Terms?
  a4-30-07   t01  0.80s span 0.69 F0 162.5 rng 12.6 fin -1.6 cer 0.40 lp -0.64 score   9.94 | terms of
  a4-30-07   t02  0.84s span 0.64 F0 83.8 rng 13.1 fin -3.4 cer 0.00 lp -0.55 score   4.05 | terms.
  a4-30-07   t03  0.81s span 0.69 F0 162.5 rng 12.5 fin -1.7 cer 0.40 lp -0.64 score  10.02 | terms of
  a4-30-07   t04  1.00s span 0.71 F0 87.6 rng 15.0 fin -5.0 cer 0.00 lp -0.75 score   5.63 | terms.
  a4-30-07   t05  0.88s span 0.72 F0 87.8 rng 13.2 fin -4.5 cer 0.00 lp -0.52 score   4.88 | terms.
  a4-30-07   t06  0.90s span 0.75 F0 108.8 rng 12.1 fin 11.9 cer 0.00 lp -0.59 score   0.58 | terms.
== a4-30-08 MADA Good question.
== a4-30-09 MAS MANALT good question.
== a4-30-10 GERG MOCKBRAN "Returning to NopeAI & getting back to coding tonight."
  a4-30-10   t01  3.00s span 2.75 F0 127.8 rng 10.9 fin -3.5 cer 0.00 lp -0.29 score   0.13 | returning to NOPE AI and getting back to coding tonight.
== a4-30-11 TTEMME "I am deeply pleased by this result, after ~72 very intense hours of work."
  a4-30-11   t01  5.60s span 5.50 F0 143.5 rng 12.7 fin -4.6 cer 0.14 lp -0.15 score   1.72 | I am deeply pleased by this result, after about 72 very intense hours of work.
== a4-30-12 MAS MANALT okay.
  a4-30-12   t01  0.95s span 0.81 F0 119.3 rng 10.0 fin 0.6 cer 0.75 lp -0.71 score  11.24 | LOK
  a4-30-12   t02  1.09s span 0.95 F0 122.1 rng 9.9 fin -3.4 cer 0.75 lp -0.61 score  11.66 | LOK
  a4-30-12   t03  0.81s span 0.70 F0 106.9 rng 8.3 fin -1.0 cer 0.00 lp -0.77 score   0.85 | Okay.
  a4-30-12   t04  0.89s span 0.77 F0 106.3 rng 7.6 fin -2.4 cer 0.00 lp -0.57 score   0.56 | Okay
  a4-30-12   t05  0.92s span 0.81 F0 110.0 rng 10.1 fin 1.4 cer 0.00 lp -0.71 score   2.95 | Okay
  a4-30-12   t06  0.86s span 0.75 F0 102.6 rng 6.5 fin 2.8 cer 0.00 lp -0.52 score   3.73 | Okay
  a4-30-12   t07  0.83s span 0.72 F0 103.4 rng 7.5 fin 3.1 cer 0.00 lp -0.55 score   3.81 | Okay
== a4-31-01 GERG MOCKBRAN What's in there?
  a4-31-01   t01  0.90s span 0.71 F0 144.3 rng 5.2 fin -4.1 cer 0.00 lp -0.32 score   0.19 | What's in there?
  a4-31-01   t02  0.90s span 0.69 F0 120.0 rng 4.9 fin -2.2 cer 0.00 lp -0.44 score   0.36 | What's in there?
== a4-31-02 MAS MANALT it's a preview.
  a4-31-02   t01  1.42s span 1.30 F0 117.6 rng 9.6 fin -1.0 cer 0.00 lp -0.32 score   0.17 | It's a preview.
  a4-31-02   t02  1.57s span 1.47 F0 108.7 rng 10.6 fin -1.5 cer 0.00 lp -0.37 score   0.62 | It's a preview.
  a4-31-02   t03  1.34s span 1.23 F0 105.6 rng 9.4 fin 0.4 cer 0.00 lp -0.36 score   0.96 | It's a preview.
  a4-31-02   t04  1.24s span 1.13 F0 98.9 rng 9.0 fin 0.2 cer 0.00 lp -0.35 score   2.33 | It's a preview.
== a4-31-03 MAS MANALT "i love and respect alyi… i harbor zero ill will towards him."
  a4-31-03   t01  6.20s span 6.10 F0 109.4 rng 9.2 fin -1.9 cer 0.02 lp -0.39 score   0.54 | I love and respect Ali. I harbor zero ill will towards him.
  a4-31-03   t02  6.20s span 6.10 F0 109.4 rng 9.1 fin -1.9 cer 0.02 lp -0.40 score   0.55 | I love and respect Ali. I harbor zero ill will towards him.
  a4-31-03   t03  6.20s span 6.10 F0 108.7 rng 9.1 fin -1.9 cer 0.02 lp -0.41 score   0.56 | I love and respect Ali. I harbor zero ill will towards him.
  a4-31-03   t04  5.89s span 5.77 F0 111.0 rng 9.0 fin -2.1 cer 0.02 lp -0.38 score   0.53 | I love and respect Ali. I harbor zero ill will towards him.
wrote /home/jgon/project/art/mrmas/audio/ep01/act4/dialogue/lines.json (50 lines)
